[0.012s] Invoking command in '/home/ubuntu/ros2_ws/workspace/carplanning_code/build/carplanning_code': CMAKE_PREFIX_PATH=/opt/ros/humble /usr/bin/cmake /home/ubuntu/ros2_ws/workspace/carplanning_code/src -DCMAKE_INSTALL_PREFIX=/home/ubuntu/ros2_ws/workspace/carplanning_code/install/carplanning_code
[0.273s] -- The C compiler identification is GNU 11.4.0
[0.415s] -- The CXX compiler identification is GNU 11.4.0
[0.428s] -- Detecting C compiler ABI info
[0.517s] -- Detecting C compiler ABI info - done
[0.526s] -- Check for working C compiler: /usr/bin/cc - skipped
[0.527s] -- Detecting C compile features
[0.528s] -- Detecting C compile features - done
[0.533s] -- Detecting CXX compiler ABI info
[0.622s] -- Detecting CXX compiler ABI info - done
[0.633s] -- Check for working CXX compiler: /usr/bin/c++ - skipped
[0.633s] -- Detecting CXX compile features
[0.633s] -- Detecting CXX compile features - done
[0.635s] -- Found ament_cmake: 1.3.14 (/opt/ros/humble/share/ament_cmake/cmake)
[0.823s] -- Found Python3: /usr/bin/python3 (found version "3.10.12") found components: Interpreter 
[0.996s] -- Configuring done
[0.998s] -- Generating done
[1.000s] -- Build files have been written to: /home/ubuntu/ros2_ws/workspace/carplanning_code/build/carplanning_code
[1.004s] Invoked command in '/home/ubuntu/ros2_ws/workspace/carplanning_code/build/carplanning_code' returned '0': CMAKE_PREFIX_PATH=/opt/ros/humble /usr/bin/cmake /home/ubuntu/ros2_ws/workspace/carplanning_code/src -DCMAKE_INSTALL_PREFIX=/home/ubuntu/ros2_ws/workspace/carplanning_code/install/carplanning_code
[1.006s] Invoking command in '/home/ubuntu/ros2_ws/workspace/carplanning_code/build/carplanning_code': CMAKE_PREFIX_PATH=/opt/ros/humble /usr/bin/cmake --build /home/ubuntu/ros2_ws/workspace/carplanning_code/build/carplanning_code -- -j4 -l4
[1.046s] Invoked command in '/home/ubuntu/ros2_ws/workspace/carplanning_code/build/carplanning_code' returned '0': CMAKE_PREFIX_PATH=/opt/ros/humble /usr/bin/cmake --build /home/ubuntu/ros2_ws/workspace/carplanning_code/build/carplanning_code -- -j4 -l4
[1.056s] Invoking command in '/home/ubuntu/ros2_ws/workspace/carplanning_code/build/carplanning_code': CMAKE_PREFIX_PATH=/opt/ros/humble /usr/bin/cmake --install /home/ubuntu/ros2_ws/workspace/carplanning_code/build/carplanning_code
[1.065s] -- Install configuration: ""
[1.065s] -- Installing: /home/ubuntu/ros2_ws/workspace/carplanning_code/install/carplanning_code/share/carplanning_code/config
[1.069s] -- Installing: /home/ubuntu/ros2_ws/workspace/carplanning_code/install/carplanning_code/share/carplanning_code/config/nav2_params.yaml.bak
[1.070s] -- Installing: /home/ubuntu/ros2_ws/workspace/carplanning_code/install/carplanning_code/share/carplanning_code/config/navsat.yaml
[1.070s] -- Installing: /home/ubuntu/ros2_ws/workspace/carplanning_code/install/carplanning_code/share/carplanning_code/config/navsat.yaml.orig
[1.072s] -- Installing: /home/ubuntu/ros2_ws/workspace/carplanning_code/install/carplanning_code/share/carplanning_code/config/ekf.yaml
[1.073s] -- Installing: /home/ubuntu/ros2_ws/workspace/carplanning_code/install/carplanning_code/share/carplanning_code/config/ekf.yaml.orig
[1.075s] -- Installing: /home/ubuntu/ros2_ws/workspace/carplanning_code/install/carplanning_code/share/carplanning_code/config/nav2_params.yaml
[1.075s] -- Installing: /home/ubuntu/ros2_ws/workspace/carplanning_code/install/carplanning_code/share/carplanning_code/launch
[1.075s] -- Installing: /home/ubuntu/ros2_ws/workspace/carplanning_code/install/carplanning_code/share/carplanning_code/launch/bringup.launch.py
[1.076s] -- Installing: /home/ubuntu/ros2_ws/workspace/carplanning_code/install/carplanning_code/share/carplanning_code/launch/ekf_diagnostic.launch.py
[1.078s] -- Installing: /home/ubuntu/ros2_ws/workspace/carplanning_code/install/carplanning_code/share/carplanning_code/launch/sim.launch.py
[1.079s] -- Installing: /home/ubuntu/ros2_ws/workspace/carplanning_code/install/carplanning_code/share/carplanning_code/launch/localization.launch.py
[1.079s] -- Installing: /home/ubuntu/ros2_ws/workspace/carplanning_code/install/carplanning_code/share/carplanning_code/launch/mid360.launch.py
[1.082s] -- Installing: /home/ubuntu/ros2_ws/workspace/carplanning_code/install/carplanning_code/share/carplanning_code/launch/.bringup.launch.py.swp
[1.082s] -- Installing: /home/ubuntu/ros2_ws/workspace/carplanning_code/install/carplanning_code/share/carplanning_code/launch/nav2.launch.py
[1.083s] -- Installing: /home/ubuntu/ros2_ws/workspace/carplanning_code/install/carplanning_code/share/carplanning_code/scripts
[1.084s] -- Installing: /home/ubuntu/ros2_ws/workspace/carplanning_code/install/carplanning_code/share/carplanning_code/scripts/ekf_quick_check.sh
[1.084s] -- Installing: /home/ubuntu/ros2_ws/workspace/carplanning_code/install/carplanning_code/share/carplanning_code/scripts/covariance_relay.py
[1.085s] -- Installing: /home/ubuntu/ros2_ws/workspace/carplanning_code/install/carplanning_code/share/carplanning_code/scripts/ekf_probe.py
[1.087s] -- Installing: /home/ubuntu/ros2_ws/workspace/carplanning_code/install/carplanning_code/share/ament_index/resource_index/package_run_dependencies/carplanning_code
[1.087s] -- Installing: /home/ubuntu/ros2_ws/workspace/carplanning_code/install/carplanning_code/share/ament_index/resource_index/parent_prefix_path/carplanning_code
[1.087s] -- Installing: /home/ubuntu/ros2_ws/workspace/carplanning_code/install/carplanning_code/share/carplanning_code/environment/ament_prefix_path.sh
[1.088s] -- Installing: /home/ubuntu/ros2_ws/workspace/carplanning_code/install/carplanning_code/share/carplanning_code/environment/ament_prefix_path.dsv
[1.088s] -- Installing: /home/ubuntu/ros2_ws/workspace/carplanning_code/install/carplanning_code/share/carplanning_code/environment/path.sh
[1.088s] -- Installing: /home/ubuntu/ros2_ws/workspace/carplanning_code/install/carplanning_code/share/carplanning_code/environment/path.dsv
[1.088s] -- Installing: /home/ubuntu/ros2_ws/workspace/carplanning_code/install/carplanning_code/share/carplanning_code/local_setup.bash
[1.088s] -- Installing: /home/ubuntu/ros2_ws/workspace/carplanning_code/install/carplanning_code/share/carplanning_code/local_setup.sh
[1.088s] -- Installing: /home/ubuntu/ros2_ws/workspace/carplanning_code/install/carplanning_code/share/carplanning_code/local_setup.zsh
[1.088s] -- Installing: /home/ubuntu/ros2_ws/workspace/carplanning_code/install/carplanning_code/share/carplanning_code/local_setup.dsv
[1.088s] -- Installing: /home/ubuntu/ros2_ws/workspace/carplanning_code/install/carplanning_code/share/carplanning_code/package.dsv
[1.089s] -- Installing: /home/ubuntu/ros2_ws/workspace/carplanning_code/install/carplanning_code/share/ament_index/resource_index/packages/carplanning_code
[1.089s] -- Installing: /home/ubuntu/ros2_ws/workspace/carplanning_code/install/carplanning_code/share/carplanning_code/cmake/carplanning_codeConfig.cmake
[1.089s] -- Installing: /home/ubuntu/ros2_ws/workspace/carplanning_code/install/carplanning_code/share/carplanning_code/cmake/carplanning_codeConfig-version.cmake
[1.089s] -- Installing: /home/ubuntu/ros2_ws/workspace/carplanning_code/install/carplanning_code/share/carplanning_code/package.xml
[1.091s] Invoked command in '/home/ubuntu/ros2_ws/workspace/carplanning_code/build/carplanning_code' returned '0': CMAKE_PREFIX_PATH=/opt/ros/humble /usr/bin/cmake --install /home/ubuntu/ros2_ws/workspace/carplanning_code/build/carplanning_code
