[0.023s] Invoking command in '/home/ubuntu/ros2_ws/workspace/carplanning_code/build/carplanning_code': CMAKE_PREFIX_PATH=${CMAKE_PREFIX_PATH}:/home/ubuntu/ros2_ws/workspace/rtk_um982/install/um982_ros2_driver:/home/ubuntu/ros2_ws/workspace/myslam_car/install/myslam_car_driver:/opt/ros/humble /usr/bin/cmake /home/ubuntu/ros2_ws/workspace/carplanning_code/src -DAMENT_CMAKE_SYMLINK_INSTALL=1 -DCMAKE_INSTALL_PREFIX=/home/ubuntu/ros2_ws/workspace/carplanning_code/install/carplanning_code
[0.100s] -- Found ament_cmake: 1.3.14 (/opt/ros/humble/share/ament_cmake/cmake)
[0.271s] -- Override CMake install command with custom implementation using symlinks instead of copying resources
[0.388s] -- Configuring done
[0.400s] -- Generating done
[0.402s] -- Build files have been written to: /home/ubuntu/ros2_ws/workspace/carplanning_code/build/carplanning_code
[0.406s] Invoked command in '/home/ubuntu/ros2_ws/workspace/carplanning_code/build/carplanning_code' returned '0': CMAKE_PREFIX_PATH=${CMAKE_PREFIX_PATH}:/home/ubuntu/ros2_ws/workspace/rtk_um982/install/um982_ros2_driver:/home/ubuntu/ros2_ws/workspace/myslam_car/install/myslam_car_driver:/opt/ros/humble /usr/bin/cmake /home/ubuntu/ros2_ws/workspace/carplanning_code/src -DAMENT_CMAKE_SYMLINK_INSTALL=1 -DCMAKE_INSTALL_PREFIX=/home/ubuntu/ros2_ws/workspace/carplanning_code/install/carplanning_code
[0.408s] Invoking command in '/home/ubuntu/ros2_ws/workspace/carplanning_code/build/carplanning_code': CMAKE_PREFIX_PATH=${CMAKE_PREFIX_PATH}:/home/ubuntu/ros2_ws/workspace/rtk_um982/install/um982_ros2_driver:/home/ubuntu/ros2_ws/workspace/myslam_car/install/myslam_car_driver:/opt/ros/humble /usr/bin/cmake --build /home/ubuntu/ros2_ws/workspace/carplanning_code/build/carplanning_code -- -j4 -l4
[0.453s] Invoked command in '/home/ubuntu/ros2_ws/workspace/carplanning_code/build/carplanning_code' returned '0': CMAKE_PREFIX_PATH=${CMAKE_PREFIX_PATH}:/home/ubuntu/ros2_ws/workspace/rtk_um982/install/um982_ros2_driver:/home/ubuntu/ros2_ws/workspace/myslam_car/install/myslam_car_driver:/opt/ros/humble /usr/bin/cmake --build /home/ubuntu/ros2_ws/workspace/carplanning_code/build/carplanning_code -- -j4 -l4
[0.464s] Invoking command in '/home/ubuntu/ros2_ws/workspace/carplanning_code/build/carplanning_code': CMAKE_PREFIX_PATH=${CMAKE_PREFIX_PATH}:/home/ubuntu/ros2_ws/workspace/rtk_um982/install/um982_ros2_driver:/home/ubuntu/ros2_ws/workspace/myslam_car/install/myslam_car_driver:/opt/ros/humble /usr/bin/cmake --install /home/ubuntu/ros2_ws/workspace/carplanning_code/build/carplanning_code
[0.475s] -- Install configuration: ""
[0.475s] -- Execute custom install script
[0.477s] -- Symlinking: /home/ubuntu/ros2_ws/workspace/carplanning_code/install/carplanning_code/share/carplanning_code/config/ekf.yaml
[0.485s] -- Symlinking: /home/ubuntu/ros2_ws/workspace/carplanning_code/install/carplanning_code/share/carplanning_code/config/ekf.yaml.orig
[0.494s] -- Symlinking: /home/ubuntu/ros2_ws/workspace/carplanning_code/install/carplanning_code/share/carplanning_code/config/nav2_params.yaml
[0.503s] -- Symlinking: /home/ubuntu/ros2_ws/workspace/carplanning_code/install/carplanning_code/share/carplanning_code/config/nav2_params.yaml.bak
[0.514s] -- Symlinking: /home/ubuntu/ros2_ws/workspace/carplanning_code/install/carplanning_code/share/carplanning_code/config/navsat.yaml
[0.526s] -- Symlinking: /home/ubuntu/ros2_ws/workspace/carplanning_code/install/carplanning_code/share/carplanning_code/config/navsat.yaml.orig
[0.540s] -- Symlinking: /home/ubuntu/ros2_ws/workspace/carplanning_code/install/carplanning_code/share/carplanning_code/launch/.bringup.launch.py.swp
[0.549s] -- Symlinking: /home/ubuntu/ros2_ws/workspace/carplanning_code/install/carplanning_code/share/carplanning_code/launch/bringup.launch.py
[0.558s] -- Symlinking: /home/ubuntu/ros2_ws/workspace/carplanning_code/install/carplanning_code/share/carplanning_code/launch/ekf_diagnostic.launch.py
[0.566s] -- Symlinking: /home/ubuntu/ros2_ws/workspace/carplanning_code/install/carplanning_code/share/carplanning_code/launch/localization.launch.py
[0.575s] -- Symlinking: /home/ubuntu/ros2_ws/workspace/carplanning_code/install/carplanning_code/share/carplanning_code/launch/mid360.launch.py
[0.584s] -- Symlinking: /home/ubuntu/ros2_ws/workspace/carplanning_code/install/carplanning_code/share/carplanning_code/launch/nav2.launch.py
[0.593s] -- Symlinking: /home/ubuntu/ros2_ws/workspace/carplanning_code/install/carplanning_code/share/carplanning_code/launch/sim.launch.py
[0.605s] -- Symlinking: /home/ubuntu/ros2_ws/workspace/carplanning_code/install/carplanning_code/share/carplanning_code/scripts/covariance_relay.py
[0.614s] -- Symlinking: /home/ubuntu/ros2_ws/workspace/carplanning_code/install/carplanning_code/share/carplanning_code/scripts/ekf_probe.py
[0.625s] -- Symlinking: /home/ubuntu/ros2_ws/workspace/carplanning_code/install/carplanning_code/share/carplanning_code/scripts/ekf_quick_check.sh
[0.636s] -- Symlinking: /home/ubuntu/ros2_ws/workspace/carplanning_code/install/carplanning_code/share/carplanning_code/scripts/lio_odom_relay.py
[0.645s] -- Symlinking: /home/ubuntu/ros2_ws/workspace/carplanning_code/install/carplanning_code/share/ament_index/resource_index/package_run_dependencies/carplanning_code
[0.654s] -- Symlinking: /home/ubuntu/ros2_ws/workspace/carplanning_code/install/carplanning_code/share/ament_index/resource_index/parent_prefix_path/carplanning_code
[0.662s] -- Symlinking: /home/ubuntu/ros2_ws/workspace/carplanning_code/install/carplanning_code/share/carplanning_code/environment/ament_prefix_path.sh
[0.670s] -- Symlinking: /home/ubuntu/ros2_ws/workspace/carplanning_code/install/carplanning_code/share/carplanning_code/environment/ament_prefix_path.dsv
[0.680s] -- Symlinking: /home/ubuntu/ros2_ws/workspace/carplanning_code/install/carplanning_code/share/carplanning_code/environment/path.sh
[0.688s] -- Symlinking: /home/ubuntu/ros2_ws/workspace/carplanning_code/install/carplanning_code/share/carplanning_code/environment/path.dsv
[0.697s] -- Symlinking: /home/ubuntu/ros2_ws/workspace/carplanning_code/install/carplanning_code/share/carplanning_code/local_setup.bash
[0.707s] -- Symlinking: /home/ubuntu/ros2_ws/workspace/carplanning_code/install/carplanning_code/share/carplanning_code/local_setup.sh
[0.717s] -- Symlinking: /home/ubuntu/ros2_ws/workspace/carplanning_code/install/carplanning_code/share/carplanning_code/local_setup.zsh
[0.729s] -- Symlinking: /home/ubuntu/ros2_ws/workspace/carplanning_code/install/carplanning_code/share/carplanning_code/local_setup.dsv
[0.738s] -- Symlinking: /home/ubuntu/ros2_ws/workspace/carplanning_code/install/carplanning_code/share/carplanning_code/package.dsv
[0.748s] -- Symlinking: /home/ubuntu/ros2_ws/workspace/carplanning_code/install/carplanning_code/share/ament_index/resource_index/packages/carplanning_code
[0.757s] -- Symlinking: /home/ubuntu/ros2_ws/workspace/carplanning_code/install/carplanning_code/share/carplanning_code/cmake/carplanning_codeConfig.cmake
[0.766s] -- Symlinking: /home/ubuntu/ros2_ws/workspace/carplanning_code/install/carplanning_code/share/carplanning_code/cmake/carplanning_codeConfig-version.cmake
[0.774s] -- Symlinking: /home/ubuntu/ros2_ws/workspace/carplanning_code/install/carplanning_code/share/carplanning_code/package.xml
[0.784s] Invoked command in '/home/ubuntu/ros2_ws/workspace/carplanning_code/build/carplanning_code' returned '0': CMAKE_PREFIX_PATH=${CMAKE_PREFIX_PATH}:/home/ubuntu/ros2_ws/workspace/rtk_um982/install/um982_ros2_driver:/home/ubuntu/ros2_ws/workspace/myslam_car/install/myslam_car_driver:/opt/ros/humble /usr/bin/cmake --install /home/ubuntu/ros2_ws/workspace/carplanning_code/build/carplanning_code
